Microchip MPLAB XC8 Compiler V1.12 ()

Linker command line:

--edf=C:\Program Files (x86)\Microchip\xc8\v1.12\dat\en_msgs.txt -cs \
  -h+Ben_Project.sym -z -Q18F25K22 -ol.obj -MBen_Project.map -E1 -ver=XC8 \
  -ACODE=00h-07FFFh -ACONST=00h-07FFFh -ASMALLCONST=0600h-06FFhx122 \
  -AMEDIUMCONST=0600h-07FFFh -ACOMRAM=01h-05Fh -AABS1=00h-05FFh \
  -ABIGRAM=01h-05FFh -ARAM=060h-0FFh,0100h-01FFhx5 -ABANK0=060h-0FFh \
  -ABANK1=0100h-01FFh -ABANK2=0200h-02FFh -ABANK3=0300h-03FFh \
  -ABANK4=0400h-04FFh -ABANK5=0500h-05FFh -ASFR=0F38h-0F5Fh,0F60h-0FFFh \
  -preset_vec=00h,intcode=08h,intcodelo,powerup,init,end_init \
  -pramtop=0600h -psmallconst=SMALLCONST -pmediumconst=MEDIUMCONST \
  -pconst=CONST -AFARRAM=00h-00h -ACONFIG=0300000h-030000Dh -pconfig=CONFIG \
  -AIDLOC=0200000h-0200007h -pidloc=IDLOC -AEEDATA=0F00000h-0F000FFh \
  -peeprom_data=EEDATA \
  -prdata=COMRAM,nvrram=COMRAM,nvbit=COMRAM,rbss=COMRAM,rbit=COMRAM \
  -pfarbss=FARRAM,fardata=FARRAM \
  -pintsave_regs=BIGRAM,bigbss=BIGRAM,bigdata=BIGRAM -pbss=RAM \
  -pidata=CODE,irdata=CODE,ibigdata=CODE,ifardata=CODE startup.obj \
  Ben_Project.obj 

Object code version is 3.10

Machine type is 18F25K22

Call graph: (short form)




                Name                               Link     Load   Length Selector   Space Scale
startup.obj     end_init                            22E      22E        4        4       0
                reset_vec                             0        0        4        0       0
                config                           300000   300000        8   300000       0
Ben_Project.obj intcode                               8        8      226        4       0
                smallconst                          600      600       22      300       0
                text15                              E38      E38       5C      311       0
                text14                              DCC      DCC       6C      311       0
                text13                              D10      D10       BC      311       0
                text12                              E94      E94       54      311       0
                text11                              FBE      FBE       1E      311       0
                text10                             101A     101A       12      311       0
                text9                              102C     102C        E      311       0
                text8                              1006     1006       14      311       0
                text7                               F22      F22       34      311       0
                text6                               FF2      FF2       14      311       0
                text5                               C50      C50       C0      311       0
                text4                               F56      F56       28      311       0
                text3                               F7E      F7E       22      311       0
                text2                               FA0      FA0       1E      311       0
                text1                               FDC      FDC       16      311       0
                text0                               622      622      62E      311       0
                cstackCOMRAM                          1        1       1B        1       1
                dataCOMRAM                           2B       2B        6        1       1
                bssCOMRAM                            1C       1C        F        1       1
                cinit                               EE8      EE8       3A      311       0
                idataCOMRAM                        103A     103A        6      311       0

TOTAL           Name                               Link     Load   Length     Space
        CLASS   CODE           
                end_init                            22E      22E        4         0
                intcode                               8        8      226         0
                reset_vec                             0        0        4         0
                text15                              E38      E38       5C         0
                text14                              DCC      DCC       6C         0
                text13                              D10      D10       BC         0
                text12                              E94      E94       54         0
                text11                              FBE      FBE       1E         0
                text10                             101A     101A       12         0
                text9                              102C     102C        E         0
                text8                              1006     1006       14         0
                text7                               F22      F22       34         0
                text6                               FF2      FF2       14         0
                text5                               C50      C50       C0         0
                text4                               F56      F56       28         0
                text3                               F7E      F7E       22         0
                text2                               FA0      FA0       1E         0
                text1                               FDC      FDC       16         0
                text0                               622      622      62E         0
                cinit                               EE8      EE8       3A         0
                idataCOMRAM                        103A     103A        6         0

        CLASS   CONST          

        CLASS   SMALLCONST     
                smallconst                          600      600       22         0

        CLASS   MEDIUMCONST    

        CLASS   COMRAM         
                cstackCOMRAM                          1        1       1B         1
                dataCOMRAM                           2B       2B        6         1
                bssCOMRAM                            1C       1C        F         1

        CLASS   ABS1           

        CLASS   BIGRAM         

        CLASS   RAM            

        CLASS   BANK0          

        CLASS   BANK1          

        CLASS   BANK2          

        CLASS   BANK3          

        CLASS   BANK4          

        CLASS   BANK5          

        CLASS   SFR            

        CLASS   FARRAM         

        CLASS   CONFIG         
                config                           300000   300000        8         0

        CLASS   IDLOC          

        CLASS   EEDATA         



SEGMENTS        Name                           Load    Length   Top    Selector   Space  Class

                reset_vec                      000000  000004  000004         0       0  CODE    
                cstackCOMRAM                   000001  000030  000031         1       1  COMRAM  
                intcode                        000008  00022A  000232         4       0  CODE    
                smallconst                     000600  000022  000622       300       0  SMALLCON
                text0                          000622  000A1E  001040       311       0  CODE    
                config                         300000  000008  300008    300000       0  CONFIG  


UNUSED ADDRESS RANGES

        Name                Unused          Largest block    Delta
        BANK0            000060-0000FF               A0
        BANK1            000100-0001FF              100
        BANK2            000200-0002FF              100
        BANK3            000300-0003FF              100
        BANK4            000400-0004FF              100
        BANK5            000500-0005FF              100
        BIGRAM           000031-0005FF              5CF
        CODE             000004-000007                4
                         000232-0005FF              3CE
                         001040-007FFF             6FC0
        COMRAM           000031-00005F               2F
        CONFIG           300008-30000D                6
        CONST            000004-000007                4
                         000232-0005FF              3CE
                         001040-007FFF             6FC0
        EEDATA           F00000-F000FF              100
        IDLOC            200000-200007                8
        MEDIUMCONST      001040-007FFF             6FC0
        RAM              000060-0005FF              100
        SFR              000F38-000FFF               28
        SMALLCONST       001040-007FFF              100

                                  Symbol Table

?___awdiv                      cstackCOMRAM 00000F
?___lwdiv                      cstackCOMRAM 00000F
?___lwmod                      cstackCOMRAM 00000F
?_send_msg                     cstackCOMRAM 000018
?_set_address_line1            cstackCOMRAM 000014
?_set_address_line2            cstackCOMRAM 000014
?_write_4bit_data              cstackCOMRAM 00000F
?_write_8bit_data              cstackCOMRAM 00000F
?_write_command                cstackCOMRAM 000012
?_write_data                   cstackCOMRAM 000017
_ANSELA                        (abs)        000F38
_ANSELB                        (abs)        000F39
_ANSELC                        (abs)        000F3A
_BRGH1                         (abs)        007D62
_CCP1CON                       (abs)        000FBD
_CCPR1L                        (abs)        000FBE
_CREN1                         (abs)        007D5C
_GIE                           (abs)        007F97
_INT0E                         (abs)        007F94
_INT0F                         (abs)        007F91
_INTEDG0                       (abs)        007F8E
_LATA1                         (abs)        007C49
_LATA2                         (abs)        007C4A
_LATA3                         (abs)        007C4B
_LATB1                         (abs)        007C51
_LATB2                         (abs)        007C52
_LATB3                         (abs)        007C53
_OSCCON                        (abs)        000FD3
_PEIE                          (abs)        007F96
_PORTA                         (abs)        000F80
_PORTB                         (abs)        000F81
_PORTC                         (abs)        000F82
_PORTCbits                     (abs)        000F82
_PR2                           (abs)        000FBB
_PSA                           (abs)        007EAB
_RCIE                          (abs)        007CED
_RCIF                          (abs)        007CF5
_RCREG1                        (abs)        000FAE
_SPBRG1                        (abs)        000FAF
_SPEN1                         (abs)        007D5F
_SYNC1                         (abs)        007D64
_T08BIT                        (abs)        007EAE
_T0CS                          (abs)        007EAD
_T0IE                          (abs)        007F95
_T0IF                          (abs)        007F92
_T0PS0                         (abs)        007EA8
_T0PS1                         (abs)        007EA9
_T0PS2                         (abs)        007EAA
_T1CKPS0                       (abs)        007E6C
_T1CKPS1                       (abs)        007E6D
_T1RD16                        (abs)        007E69
_T1SOSCEN                      (abs)        007E6B
_T1SYNC                        (abs)        007E6A
_T2CON                         (abs)        000FBA
_TMR0H                         (abs)        000FD7
_TMR0IF                        (abs)        007F92
_TMR0L                         (abs)        000FD6
_TMR0ON                        (abs)        007EAF
_TMR1CS0                       (abs)        007E6E
_TMR1CS1                       (abs)        007E6F
_TMR1H                         (abs)        000FCF
_TMR1IE                        (abs)        007CE8
_TMR1IF                        (abs)        007CF0
_TMR1L                         (abs)        000FCE
_TMR1ON                        (abs)        007E68
_TMR2                          (abs)        000FBC
_TMR2ON                        (abs)        007DD2
_TRISA                         (abs)        000F92
_TRISB                         (abs)        000F93
_TRISC                         (abs)        000F94
__CFG_FOSC$INTIO67             (abs)        000000
__CFG_IESO$OFF                 (abs)        000000
__CFG_LVP$OFF                  (abs)        000000
__CFG_MCLRE$EXTMCLR            (abs)        000000
__CFG_WDTEN$OFF                (abs)        000000
__HRAM                         (abs)        000000
__Habs1                        abs1         000000
__Hbank0                       bank0        000000
__Hbank1                       bank1        000000
__Hbank2                       bank2        000000
__Hbank3                       bank3        000000
__Hbank4                       bank4        000000
__Hbank5                       bank5        000000
__Hbigbss                      bigbss       000000
__Hbigdata                     bigdata      000000
__Hbigram                      bigram       000000
__Hbss                         bss          000000
__HbssCOMRAM                   bssCOMRAM    000000
__Hcinit                       cinit        000000
__Hclrtext                     clrtext      000000
__Hcomram                      comram       000000
__Hconfig                      config       300008
__Hconst                       const        000000
__HcstackCOMRAM                cstackCOMRAM 000000
__Hdata                        data         000000
__HdataCOMRAM                  dataCOMRAM   000000
__Heeprom_data                 eeprom_data  000000
__Hend_init                    end_init     000232
__Hfarbss                      farbss       000000
__Hfardata                     fardata      000000
__Hibigdata                    ibigdata     000000
__Hidata                       idata        000000
__HidataCOMRAM                 idataCOMRAM  000000
__Hidloc                       idloc        000000
__Hifardata                    ifardata     000000
__Hinit                        init         00022E
__Hintcode                     intcode      00022E
__Hintcode_body                intcode_body 000000
__Hintcodelo                   intcodelo    00022E
__Hintentry                    intentry     000000
__Hintret                      intret       000000
__Hintsave_regs                intsave_regs 000000
__Hirdata                      irdata       000000
__Hmediumconst                 mediumconst  000000
__Hnvbit                       nvbit        000000
__Hnvrram                      nvrram       000000
__Hparam                       rparam       000000
__Hpowerup                     powerup      00022E
__Hram                         ram          000000
__Hramtop                      ramtop       000600
__Hrbit                        rbit         000000
__Hrbss                        rbss         000000
__Hrdata                       rdata        000000
__Hreset_vec                   reset_vec    000004
__Hrparam                      rparam       000000
__Hsfr                         sfr          000000
__Hsmallconst                  smallconst   000622
__Hstruct                      struct       000000
__Htemp                        temp         000000
__Htext                        text         000000
__Htext0                       text0        000000
__Htext1                       text1        000000
__Htext10                      text10       000000
__Htext11                      text11       000000
__Htext12                      text12       000000
__Htext13                      text13       000000
__Htext14                      text14       000000
__Htext15                      text15       000000
__Htext2                       text2        000000
__Htext3                       text3        000000
__Htext4                       text4        000000
__Htext5                       text5        000000
__Htext6                       text6        000000
__Htext7                       text7        000000
__Htext8                       text8        000000
__Htext9                       text9        000000
__LRAM                         (abs)        000001
__Labs1                        abs1         000000
__Lbank0                       bank0        000000
__Lbank1                       bank1        000000
__Lbank2                       bank2        000000
__Lbank3                       bank3        000000
__Lbank4                       bank4        000000
__Lbank5                       bank5        000000
__Lbigbss                      bigbss       000000
__Lbigdata                     bigdata      000000
__Lbigram                      bigram       000000
__Lbss                         bss          000000
__LbssCOMRAM                   bssCOMRAM    000000
__Lcinit                       cinit        000000
__Lclrtext                     clrtext      000000
__Lcomram                      comram       000000
__Lconfig                      config       300000
__Lconst                       const        000000
__LcstackCOMRAM                cstackCOMRAM 000000
__Ldata                        data         000000
__LdataCOMRAM                  dataCOMRAM   000000
__Leeprom_data                 eeprom_data  000000
__Lend_init                    end_init     00022E
__Lfarbss                      farbss       000000
__Lfardata                     fardata      000000
__Libigdata                    ibigdata     000000
__Lidata                       idata        000000
__LidataCOMRAM                 idataCOMRAM  000000
__Lidloc                       idloc        000000
__Lifardata                    ifardata     000000
__Linit                        init         00022E
__Lintcode                     intcode      000008
__Lintcode_body                intcode_body 000000
__Lintcodelo                   intcodelo    00022E
__Lintentry                    intentry     000000
__Lintret                      intret       000000
__Lintsave_regs                intsave_regs 000000
__Lirdata                      irdata       000000
__Lmediumconst                 mediumconst  000000
__Lnvbit                       nvbit        000000
__Lnvrram                      nvrram       000000
__Lparam                       rparam       000000
__Lpowerup                     powerup      00022E
__Lram                         ram          000000
__Lramtop                      ramtop       000600
__Lrbit                        rbit         000000
__Lrbss                        rbss         000000
__Lrdata                       rdata        000000
__Lreset_vec                   reset_vec    000000
__Lrparam                      rparam       000000
__Lsfr                         sfr          000000
__Lsmallconst                  smallconst   000600
__Lstruct                      struct       000000
__Ltemp                        temp         000000
__Ltext                        text         000000
__Ltext0                       text0        000000
__Ltext1                       text1        000000
__Ltext10                      text10       000000
__Ltext11                      text11       000000
__Ltext12                      text12       000000
__Ltext13                      text13       000000
__Ltext14                      text14       000000
__Ltext15                      text15       000000
__Ltext2                       text2        000000
__Ltext3                       text3        000000
__Ltext4                       text4        000000
__Ltext5                       text5        000000
__Ltext6                       text6        000000
__Ltext7                       text7        000000
__Ltext8                       text8        000000
__Ltext9                       text9        000000
__S0                           (abs)        300008
__S1                           (abs)        000031
___awdiv                       text13       000D10
___awdiv@counter               cstackCOMRAM 000014
___awdiv@dividend              cstackCOMRAM 00000F
___awdiv@divisor               cstackCOMRAM 000011
___awdiv@quotient              cstackCOMRAM 000016
___awdiv@sign                  cstackCOMRAM 000015
___lwdiv                       text14       000DCC
___lwdiv@counter               cstackCOMRAM 000016
___lwdiv@dividend              cstackCOMRAM 00000F
___lwdiv@divisor               cstackCOMRAM 000011
___lwdiv@quotient              cstackCOMRAM 000014
___lwmod                       text15       000E38
___lwmod@counter               cstackCOMRAM 000014
___lwmod@dividend              cstackCOMRAM 00000F
___lwmod@divisor               cstackCOMRAM 000011
__accesstop                    (abs)        000060
__activetblptr                 (abs)        000001
__end_of___awdiv               text13       000DCC
__end_of___lwdiv               text14       000E38
__end_of___lwmod               text15       000E94
__end_of__initialization       cinit        000F14
__end_of__stringdata           smallconst   000621
__end_of_allInterupts          intcode      00022E
__end_of_init_com              text1        000FF2
__end_of_init_display          text5        000D10
__end_of_init_pwm              text4        000F7E
__end_of_init_timer0           text2        000FBE
__end_of_init_timer1           text3        000FA0
__end_of_main                  text0        000C50
__end_of_send_msg              text7        000F56
__end_of_set_address_line1     text6        001006
__end_of_set_address_line2     text8        00101A
__end_of_write_4bit_data       text12       000EE8
__end_of_write_8bit_data       text10       00102C
__end_of_write_command         text11       000FDC
__end_of_write_data            text9        00103A
__initialization               cinit        000EE8
__mediumconst                  mediumconst  000000
__pbssCOMRAM                   bssCOMRAM    00001C
__pcinit                       cinit        000EE8
__pcstackCOMRAM                cstackCOMRAM 000001
__pdataCOMRAM                  dataCOMRAM   00002B
__pidataCOMRAM                 idataCOMRAM  00103A
__pintcode                     intcode      000008
__psmallconst                  smallconst   000600
__ptext0                       text0        000622
__ptext1                       text1        000FDC
__ptext10                      text10       00101A
__ptext11                      text11       000FBE
__ptext12                      text12       000E94
__ptext13                      text13       000D10
__ptext14                      text14       000DCC
__ptext15                      text15       000E38
__ptext2                       text2        000FA0
__ptext3                       text3        000F7E
__ptext4                       text4        000F56
__ptext5                       text5        000C50
__ptext6                       text6        000FF2
__ptext7                       text7        000F22
__ptext8                       text8        001006
__ptext9                       text9        00102C
__ramtop                       ramtop       000600
__size_of___awdiv              (abs)        000000
__size_of___lwdiv              (abs)        000000
__size_of___lwmod              (abs)        000000
__size_of_allInterupts         (abs)        000000
__size_of_init_com             (abs)        000000
__size_of_init_display         (abs)        000000
__size_of_init_pwm             (abs)        000000
__size_of_init_timer0          (abs)        000000
__size_of_init_timer1          (abs)        000000
__size_of_main                 (abs)        000000
__size_of_send_msg             (abs)        000000
__size_of_set_address_line1    (abs)        000000
__size_of_set_address_line2    (abs)        000000
__size_of_write_4bit_data      (abs)        000000
__size_of_write_8bit_data      (abs)        000000
__size_of_write_command        (abs)        000000
__size_of_write_data           (abs)        000000
__smallconst                   smallconst   000600
__stringdata                   smallconst   000600
_allInterupts                  intcode      000008
_count                         bssCOMRAM    00001C
_data                          bssCOMRAM    00002A
_display_flag                  bssCOMRAM    00001E
_heater_count                  bssCOMRAM    000020
_hr                            dataCOMRAM   00002B
_i                             bssCOMRAM    000022
_init_com                      text1        000FDC
_init_display                  text5        000C50
_init_pwm                      text4        000F56
_init_timer0                   text2        000FA0
_init_timer1                   text3        000F7E
_main                          text0        000622
_min                           dataCOMRAM   00002D
_min_heater                    bssCOMRAM    000024
_sec                           dataCOMRAM   00002F
_sec_heater                    bssCOMRAM    000026
_send_msg                      text7        000F22
_set_address_line1             text6        000FF2
_set_address_line2             text8        001006
_state                         bssCOMRAM    000028
_write_4bit_data               text12       000E94
_write_8bit_data               text10       00101A
_write_command                 text11       000FBE
_write_data                    text9        00102C
end_of_initialization          cinit        000F14
intlevel0                      text         000000
intlevel1                      text         000000
intlevel2                      text         000000
intlevel3                      text         000000
send_msg@text                  cstackCOMRAM 000018
set_address_line1@position     cstackCOMRAM 000014
set_address_line2@position     cstackCOMRAM 000014
start                          init         00022E
start_initialization           cinit        000EE8
write_4bit_data@data_to_send   cstackCOMRAM 00000F
write_4bit_data@temp           cstackCOMRAM 000011
write_8bit_data@data_to_send   cstackCOMRAM 00000F
write_command@command_to_write cstackCOMRAM 000012
write_data@data_to_write       cstackCOMRAM 000017


FUNCTION INFORMATION:

 *************** function _main *****************
 Defined at:
		line 196 in file "H:\504-607 504-608 Micros II\Labs\Project\Ben_Project.c"
 Parameters:    Size  Location     Type
		None
 Auto vars:     Size  Location     Type
		None
 Return value:  Size  Location     Type
		None               void
 Registers used:
		wreg, fsr0l, fsr0h, fsr1l, fsr1h, fsr2l, fsr2h, status,2, status,0, pclat, tosl, structret, tblptrl, tblptrh, tblptru, prodl, prodh, bsr, cstack
 Tracked objects:
		On entry : 
		On exit  : 
		Unchanged: 
 Data sizes:     COMRAM   BANK0   BANK1   BANK2   BANK3   BANK4   BANK5
      Params:         0       0       0       0       0       0       0
      Locals:         0       0       0       0       0       0       0
      Temps:          2       0       0       0       0       0       0
      Totals:         2       0       0       0       0       0       0
Total ram usage:        2 bytes
 Hardware stack levels required when called:    4
 This function calls:
		_init_timer0
		_init_timer1
		_init_display
		_init_pwm
		_init_com
		_set_address_line1
		_send_msg
		_set_address_line2
		___lwdiv
		_write_data
		___lwmod
 This function is called by:
		Startup code after reset
 This function uses a non-reentrant model


 *************** function _init_com *****************
 Defined at:
		line 126 in file "H:\504-607 504-608 Micros II\Labs\Project\Ben_Project.c"
 Parameters:    Size  Location     Type
		None
 Auto vars:     Size  Location     Type
		None
 Return value:  Size  Location     Type
		None               void
 Registers used:
		wreg, status,2
 Tracked objects:
		On entry : 
		On exit  : 
		Unchanged: 
 Data sizes:     COMRAM   BANK0   BANK1   BANK2   BANK3   BANK4   BANK5
      Params:         0       0       0       0       0       0       0
      Locals:         0       0       0       0       0       0       0
      Temps:          0       0       0       0       0       0       0
      Totals:         0       0       0       0       0       0       0
Total ram usage:        0 bytes
 Hardware stack levels used:    1
 Hardware stack levels required when called:    1
 This function calls:
		Nothing
 This function is called by:
		_main
 This function uses a non-reentrant model


 *************** function _init_timer0 *****************
 Defined at:
		line 140 in file "H:\504-607 504-608 Micros II\Labs\Project\Ben_Project.c"
 Parameters:    Size  Location     Type
		None
 Auto vars:     Size  Location     Type
		None
 Return value:  Size  Location     Type
		None               void
 Registers used:
		wreg, status,2
 Tracked objects:
		On entry : 
		On exit  : 
		Unchanged: 
 Data sizes:     COMRAM   BANK0   BANK1   BANK2   BANK3   BANK4   BANK5
      Params:         0       0       0       0       0       0       0
      Locals:         0       0       0       0       0       0       0
      Temps:          0       0       0       0       0       0       0
      Totals:         0       0       0       0       0       0       0
Total ram usage:        0 bytes
 Hardware stack levels used:    1
 Hardware stack levels required when called:    1
 This function calls:
		Nothing
 This function is called by:
		_main
 This function uses a non-reentrant model


 *************** function _init_timer1 *****************
 Defined at:
		line 156 in file "H:\504-607 504-608 Micros II\Labs\Project\Ben_Project.c"
 Parameters:    Size  Location     Type
		None
 Auto vars:     Size  Location     Type
		None
 Return value:  Size  Location     Type
		None               void
 Registers used:
		wreg, status,2
 Tracked objects:
		On entry : 
		On exit  : 
		Unchanged: 
 Data sizes:     COMRAM   BANK0   BANK1   BANK2   BANK3   BANK4   BANK5
      Params:         0       0       0       0       0       0       0
      Locals:         0       0       0       0       0       0       0
      Temps:          0       0       0       0       0       0       0
      Totals:         0       0       0       0       0       0       0
Total ram usage:        0 bytes
 Hardware stack levels used:    1
 Hardware stack levels required when called:    1
 This function calls:
		Nothing
 This function is called by:
		_main
 This function uses a non-reentrant model


 *************** function _init_pwm *****************
 Defined at:
		line 174 in file "H:\504-607 504-608 Micros II\Labs\Project\Ben_Project.c"
 Parameters:    Size  Location     Type
		None
 Auto vars:     Size  Location     Type
		None
 Return value:  Size  Location     Type
		None               void
 Registers used:
		wreg, fsr0l, fsr0h, fsr1l, fsr1h, fsr2l, fsr2h, status,2, status,0, pclat, tosl, structret, tblptrl, tblptrh, tblptru, prodl, prodh, bsr, cstack
 Tracked objects:
		On entry : 
		On exit  : 
		Unchanged: 
 Data sizes:     COMRAM   BANK0   BANK1   BANK2   BANK3   BANK4   BANK5
      Params:         0       0       0       0       0       0       0
      Locals:         0       0       0       0       0       0       0
      Temps:          0       0       0       0       0       0       0
      Totals:         0       0       0       0       0       0       0
Total ram usage:        0 bytes
 Hardware stack levels used:    1
 Hardware stack levels required when called:    2
 This function calls:
		___awdiv
 This function is called by:
		_main
 This function uses a non-reentrant model


 *************** function _init_display *****************
 Defined at:
		line 4 in file "H:\504-607 504-608 Micros II\Labs\Project\LCD.c"
 Parameters:    Size  Location     Type
		None
 Auto vars:     Size  Location     Type
		None
 Return value:  Size  Location     Type
		None               void
 Registers used:
		wreg, fsr0l, fsr0h, fsr1l, fsr1h, fsr2l, fsr2h, status,2, status,0, pclat, tosl, structret, tblptrl, tblptrh, tblptru, prodl, prodh, bsr, cstack
 Tracked objects:
		On entry : 
		On exit  : 
		Unchanged: 
 Data sizes:     COMRAM   BANK0   BANK1   BANK2   BANK3   BANK4   BANK5
      Params:         0       0       0       0       0       0       0
      Locals:         0       0       0       0       0       0       0
      Temps:          1       0       0       0       0       0       0
      Totals:         1       0       0       0       0       0       0
Total ram usage:        1 bytes
 Hardware stack levels used:    1
 Hardware stack levels required when called:    2
 This function calls:
		_write_8bit_data
		_write_4bit_data
 This function is called by:
		_main
 This function uses a non-reentrant model


 *************** function _set_address_line1 *****************
 Defined at:
		line 66 in file "H:\504-607 504-608 Micros II\Labs\Project\LCD.c"
 Parameters:    Size  Location     Type
  position        1   19[COMRAM] unsigned char 
 Auto vars:     Size  Location     Type
		None
 Return value:  Size  Location     Type
		None               void
 Registers used:
		wreg, fsr0l, fsr0h, fsr1l, fsr1h, fsr2l, fsr2h, status,2, status,0, pclat, tosl, structret, tblptrl, tblptrh, tblptru, prodl, prodh, bsr, cstack
 Tracked objects:
		On entry : 
		On exit  : 
		Unchanged: 
 Data sizes:     COMRAM   BANK0   BANK1   BANK2   BANK3   BANK4   BANK5
      Params:         1       0       0       0       0       0       0
      Locals:         0       0       0       0       0       0       0
      Temps:          0       0       0       0       0       0       0
      Totals:         1       0       0       0       0       0       0
Total ram usage:        1 bytes
 Hardware stack levels used:    1
 Hardware stack levels required when called:    3
 This function calls:
		_write_command
 This function is called by:
		_main
 This function uses a non-reentrant model


 *************** function _send_msg *****************
 Defined at:
		line 82 in file "H:\504-607 504-608 Micros II\Labs\Project\LCD.c"
 Parameters:    Size  Location     Type
  text            2   23[COMRAM] PTR const unsigned char 
		 -> STR_5(9), STR_4(8), STR_3(9), STR_2(8), 
		 -> STR_1(16), 
 Auto vars:     Size  Location     Type
		None
 Return value:  Size  Location     Type
		None               void
 Registers used:
		wreg, fsr0l, fsr0h, fsr1l, fsr1h, fsr2l, fsr2h, status,2, status,0, pclat, tosl, structret, tblptrl, tblptrh, tblptru, prodl, prodh, bsr, cstack
 Tracked objects:
		On entry : 
		On exit  : 
		Unchanged: 
 Data sizes:     COMRAM   BANK0   BANK1   BANK2   BANK3   BANK4   BANK5
      Params:         2       0       0       0       0       0       0
      Locals:         0       0       0       0       0       0       0
      Temps:          0       0       0       0       0       0       0
      Totals:         2       0       0       0       0       0       0
Total ram usage:        2 bytes
 Hardware stack levels used:    1
 Hardware stack levels required when called:    3
 This function calls:
		_write_data
 This function is called by:
		_main
 This function uses a non-reentrant model


 *************** function _set_address_line2 *****************
 Defined at:
		line 71 in file "H:\504-607 504-608 Micros II\Labs\Project\LCD.c"
 Parameters:    Size  Location     Type
  position        1   19[COMRAM] unsigned char 
 Auto vars:     Size  Location     Type
		None
 Return value:  Size  Location     Type
		None               void
 Registers used:
		wreg, fsr0l, fsr0h, fsr1l, fsr1h, fsr2l, fsr2h, status,2, status,0, pclat, tosl, structret, tblptrl, tblptrh, tblptru, prodl, prodh, bsr, cstack
 Tracked objects:
		On entry : 
		On exit  : 
		Unchanged: 
 Data sizes:     COMRAM   BANK0   BANK1   BANK2   BANK3   BANK4   BANK5
      Params:         1       0       0       0       0       0       0
      Locals:         0       0       0       0       0       0       0
      Temps:          0       0       0       0       0       0       0
      Totals:         1       0       0       0       0       0       0
Total ram usage:        1 bytes
 Hardware stack levels used:    1
 Hardware stack levels required when called:    3
 This function calls:
		_write_command
 This function is called by:
		_main
 This function uses a non-reentrant model


 *************** function _write_data *****************
 Defined at:
		line 53 in file "H:\504-607 504-608 Micros II\Labs\Project\LCD.c"
 Parameters:    Size  Location     Type
  data_to_writ    1   22[COMRAM] unsigned char 
 Auto vars:     Size  Location     Type
		None
 Return value:  Size  Location     Type
		None               void
 Registers used:
		wreg, fsr0l, fsr0h, fsr1l, fsr1h, fsr2l, fsr2h, status,2, status,0, pclat, tosl, structret, tblptrl, tblptrh, tblptru, prodl, prodh, bsr, cstack
 Tracked objects:
		On entry : 
		On exit  : 
		Unchanged: 
 Data sizes:     COMRAM   BANK0   BANK1   BANK2   BANK3   BANK4   BANK5
      Params:         1       0       0       0       0       0       0
      Locals:         0       0       0       0       0       0       0
      Temps:          0       0       0       0       0       0       0
      Totals:         1       0       0       0       0       0       0
Total ram usage:        1 bytes
 Hardware stack levels used:    1
 Hardware stack levels required when called:    2
 This function calls:
		_write_4bit_data
 This function is called by:
		_main
		_send_msg
 This function uses a non-reentrant model


 *************** function _write_8bit_data *****************
 Defined at:
		line 26 in file "H:\504-607 504-608 Micros II\Labs\Project\LCD.c"
 Parameters:    Size  Location     Type
  data_to_send    1   14[COMRAM] unsigned char 
 Auto vars:     Size  Location     Type
		None
 Return value:  Size  Location     Type
		None               void
 Registers used:
		wreg
 Tracked objects:
		On entry : 
		On exit  : 
		Unchanged: 
 Data sizes:     COMRAM   BANK0   BANK1   BANK2   BANK3   BANK4   BANK5
      Params:         1       0       0       0       0       0       0
      Locals:         0       0       0       0       0       0       0
      Temps:          0       0       0       0       0       0       0
      Totals:         1       0       0       0       0       0       0
Total ram usage:        1 bytes
 Hardware stack levels used:    1
 Hardware stack levels required when called:    1
 This function calls:
		Nothing
 This function is called by:
		_init_display
 This function uses a non-reentrant model


 *************** function _write_command *****************
 Defined at:
		line 59 in file "H:\504-607 504-608 Micros II\Labs\Project\LCD.c"
 Parameters:    Size  Location     Type
  command_to_w    1   17[COMRAM] unsigned char 
 Auto vars:     Size  Location     Type
		None
 Return value:  Size  Location     Type
		None               void
 Registers used:
		wreg, status,2, status,0, cstack
 Tracked objects:
		On entry : 
		On exit  : 
		Unchanged: 
 Data sizes:     COMRAM   BANK0   BANK1   BANK2   BANK3   BANK4   BANK5
      Params:         1       0       0       0       0       0       0
      Locals:         0       0       0       0       0       0       0
      Temps:          1       0       0       0       0       0       0
      Totals:         2       0       0       0       0       0       0
Total ram usage:        2 bytes
 Hardware stack levels used:    1
 Hardware stack levels required when called:    2
 This function calls:
		_write_4bit_data
 This function is called by:
		_set_address_line1
		_set_address_line2
		_clear_display
 This function uses a non-reentrant model


 *************** function _write_4bit_data *****************
 Defined at:
		line 35 in file "H:\504-607 504-608 Micros II\Labs\Project\LCD.c"
 Parameters:    Size  Location     Type
  data_to_send    1   14[COMRAM] unsigned char 
 Auto vars:     Size  Location     Type
  temp            1   16[COMRAM] unsigned char 
 Return value:  Size  Location     Type
		None               void
 Registers used:
		wreg, status,2, status,0
 Tracked objects:
		On entry : 
		On exit  : 
		Unchanged: 
 Data sizes:     COMRAM   BANK0   BANK1   BANK2   BANK3   BANK4   BANK5
      Params:         1       0       0       0       0       0       0
      Locals:         1       0       0       0       0       0       0
      Temps:          1       0       0       0       0       0       0
      Totals:         3       0       0       0       0       0       0
Total ram usage:        3 bytes
 Hardware stack levels used:    1
 Hardware stack levels required when called:    1
 This function calls:
		Nothing
 This function is called by:
		_init_display
		_write_data
		_write_command
 This function uses a non-reentrant model


 *************** function ___awdiv *****************
 Defined at:
		line 10 in file "C:\Program Files (x86)\Microchip\xc8\v1.12\sources\awdiv.c"
 Parameters:    Size  Location     Type
  dividend        2   14[COMRAM] int 
  divisor         2   16[COMRAM] int 
 Auto vars:     Size  Location     Type
  quotient        2   21[COMRAM] int 
  sign            1   20[COMRAM] unsigned char 
  counter         1   19[COMRAM] unsigned char 
 Return value:  Size  Location     Type
                  2   14[COMRAM] int 
 Registers used:
		wreg, status,2, status,0
 Tracked objects:
		On entry : 
		On exit  : 
		Unchanged: 
 Data sizes:     COMRAM   BANK0   BANK1   BANK2   BANK3   BANK4   BANK5
      Params:         4       0       0       0       0       0       0
      Locals:         4       0       0       0       0       0       0
      Temps:          1       0       0       0       0       0       0
      Totals:         9       0       0       0       0       0       0
Total ram usage:        9 bytes
 Hardware stack levels used:    1
 Hardware stack levels required when called:    1
 This function calls:
		Nothing
 This function is called by:
		_init_pwm
 This function uses a non-reentrant model


 *************** function ___lwdiv *****************
 Defined at:
		line 10 in file "C:\Program Files (x86)\Microchip\xc8\v1.12\sources\lwdiv.c"
 Parameters:    Size  Location     Type
  dividend        2   14[COMRAM] unsigned int 
  divisor         2   16[COMRAM] unsigned int 
 Auto vars:     Size  Location     Type
  quotient        2   19[COMRAM] unsigned int 
  counter         1   21[COMRAM] unsigned char 
 Return value:  Size  Location     Type
                  2   14[COMRAM] unsigned int 
 Registers used:
		wreg, status,2, status,0
 Tracked objects:
		On entry : 
		On exit  : 
		Unchanged: 
 Data sizes:     COMRAM   BANK0   BANK1   BANK2   BANK3   BANK4   BANK5
      Params:         4       0       0       0       0       0       0
      Locals:         3       0       0       0       0       0       0
      Temps:          1       0       0       0       0       0       0
      Totals:         8       0       0       0       0       0       0
Total ram usage:        8 bytes
 Hardware stack levels used:    1
 Hardware stack levels required when called:    1
 This function calls:
		Nothing
 This function is called by:
		_main
 This function uses a non-reentrant model


 *************** function ___lwmod *****************
 Defined at:
		line 10 in file "C:\Program Files (x86)\Microchip\xc8\v1.12\sources\lwmod.c"
 Parameters:    Size  Location     Type
  dividend        2   14[COMRAM] unsigned int 
  divisor         2   16[COMRAM] unsigned int 
 Auto vars:     Size  Location     Type
  counter         1   19[COMRAM] unsigned char 
 Return value:  Size  Location     Type
                  2   14[COMRAM] unsigned int 
 Registers used:
		wreg, status,2, status,0
 Tracked objects:
		On entry : 
		On exit  : 
		Unchanged: 
 Data sizes:     COMRAM   BANK0   BANK1   BANK2   BANK3   BANK4   BANK5
      Params:         4       0       0       0       0       0       0
      Locals:         1       0       0       0       0       0       0
      Temps:          1       0       0       0       0       0       0
      Totals:         6       0       0       0       0       0       0
Total ram usage:        6 bytes
 Hardware stack levels used:    1
 Hardware stack levels required when called:    1
 This function calls:
		Nothing
 This function is called by:
		_main
 This function uses a non-reentrant model


 *************** function _allInterupts *****************
 Defined at:
		line 24 in file "H:\504-607 504-608 Micros II\Labs\Project\Ben_Project.c"
 Parameters:    Size  Location     Type
		None
 Auto vars:     Size  Location     Type
		None
 Return value:  Size  Location     Type
		None               void
 Registers used:
		wreg, status,2, status,0
 Tracked objects:
		On entry : 
		On exit  : 
		Unchanged: 
 Data sizes:     COMRAM   BANK0   BANK1   BANK2   BANK3   BANK4   BANK5
      Params:         0       0       0       0       0       0       0
      Locals:         0       0       0       0       0       0       0
      Temps:         14       0       0       0       0       0       0
      Totals:        14       0       0       0       0       0       0
Total ram usage:       14 bytes
 Hardware stack levels used:    1
 This function calls:
		Nothing
 This function is called by:
		Interrupt level 2
 This function uses a non-reentrant model



MODULE INFORMATION

Module		Function		Class		Link	Load	Size
H:\504-607 504-608 Micros II\Labs\Project\LCD.c
		_init_display  		CODE           	0C50	0000	192
		_write_data    		CODE           	102C	0000	14
		_set_address_li		CODE           	0FF2	0000	20
		_set_address_li		CODE           	1006	0000	20
		_write_8bit_dat		CODE           	101A	0000	18
		_write_command 		CODE           	0FBE	0000	30
		_write_4bit_dat		CODE           	0E94	0000	84
		_send_msg      		CODE           	0F22	0000	52

H:\504-607 504-608 Micros II\Labs\Project\LCD.c estimated size: 430

H:\504-607 504-608 Micros II\Labs\Project\Ben_Project.c
		_main          		CODE           	0622	0000	1582
		_init_timer0   		CODE           	0FA0	0000	30
		_init_timer1   		CODE           	0F7E	0000	34
		_allInterupts  		CODE           	0008	0000	550
		_init_pwm      		CODE           	0F56	0000	40
		_init_com      		CODE           	0FDC	0000	22

H:\504-607 504-608 Micros II\Labs\Project\Ben_Project.c estimated size: 2258

shared
		__stringdata   		SMALLCONST     	0600	0000	33
		__initializatio		CODE           	0EE8	0000	44

shared estimated size: 77

C:\Program Files (x86)\Microchip\xc8\v1.12\sources\lwmod.c
		___lwmod       		CODE           	0E38	0000	92

C:\Program Files (x86)\Microchip\xc8\v1.12\sources\lwmod.c estimated size: 92

C:\Program Files (x86)\Microchip\xc8\v1.12\sources\awdiv.c
		___awdiv       		CODE           	0D10	0000	188

C:\Program Files (x86)\Microchip\xc8\v1.12\sources\awdiv.c estimated size: 188

C:\Program Files (x86)\Microchip\xc8\v1.12\sources\lwdiv.c
		___lwdiv       		CODE           	0DCC	0000	108

C:\Program Files (x86)\Microchip\xc8\v1.12\sources\lwdiv.c estimated size: 108

